
> beneficial-bar@0.0.1 build
> astro build

[2m16:38:47[22m [34m[types][39m Generated [2m37ms[22m
[2m16:38:47[22m [34m[build][39m output: [34m"static"[39m
[2m16:38:47[22m [34m[build][39m mode: [34m"static"[39m
[2m16:38:47[22m [34m[build][39m directory: [34mC:\Users\dadab\Desktop\dadaboev-net-workspace\dist\[39m
[2m16:38:47[22m [34m[build][39m Collecting build info...
[2m16:38:47[22m [34m[build][39m [32m??Completed in 56ms.[39m
